[00:17:37] [Test worker/INFO]: [STDOUT]: GABLE odd width
 > 70  > 71  > 72  =73  < 72  < 71  < 70 
 > 70  > 71  > 72  =73  < 72  < 71  < 70 
 > 70  > 71  > 72  =73  < 72  < 71  < 70 
 > 70  > 71  > 72  =73  < 72  < 71  < 70 
 > 70  > 71  > 72  =73  < 72  < 71  < 70 
 > 70  > 71  > 72  =73  < 72  < 71  < 70 
 > 70  > 71  > 72  =73  < 72  < 71  < 70 
 > 70  > 71  > 72  =73  < 72  < 71  < 70 
 > 70  > 71  > 72  =73  < 72  < 71  < 70 
 > 70  > 71  > 72  =73  < 72  < 71  < 70 
 > 70  > 71  > 72  =73  < 72  < 71  < 70 

[00:17:37] [Test worker/INFO]: [STDOUT]: GABLE even width (y shown at the end of each cell)
 > 70  > 71  > 72  > 73  < 73  < 72  < 71  < 70 
 > 70  > 71  > 72  > 73  < 73  < 72  < 71  < 70 
 > 70  > 71  > 72  > 73  < 73  < 72  < 71  < 70 
 > 70  > 71  > 72  > 73  < 73  < 72  < 71  < 70 
 > 70  > 71  > 72  > 73  < 73  < 72  < 71  < 70 
 > 70  > 71  > 72  > 73  < 73  < 72  < 71  < 70 
 > 70  > 71  > 72  > 73  < 73  < 72  < 71  < 70 
 > 70  > 71  > 72  > 73  < 73  < 72  < 71  < 70 
 > 70  > 71  > 72  > 73  < 73  < 72  < 71  < 70 
 > 70  > 71  > 72  > 73  < 73  < 72  < 71  < 70 
 > 70  > 71  > 72  > 73  < 73  < 72  < 71  < 70 
 > 70  > 71  > 72  > 73  < 73  < 72  < 71  < 70 

[00:17:37] [Test worker/INFO]: [STDOUT]: HIP square
 >o70  v 70  v 70  v 70  v 70  v 70  vo70 
 > 70  >o71  v 71  v 71  v 71  vo71  < 70 
 > 70  > 71  >o72  v 72  vo72  < 71  < 70 
 > 70  > 71  > 72  =73  < 72  < 71  < 70 
 > 70  > 71  ^o72  ^ 72  ^o72  < 71  < 70 
 > 70  ^o71  ^ 71  ^ 71  ^ 71  ^o71  < 70 
 ^o70  ^ 70  ^ 70  ^ 70  ^ 70  ^ 70  ^o70 

[00:17:37] [Test worker/INFO]: [STDOUT]: HIP
 >o70  v 70  v 70  v 70  v 70  v 70  v 70  v 70  v 70  v 70  vo70 
 > 70  >o71  v 71  v 71  v 71  v 71  v 71  v 71  v 71  vo71  < 70 
 > 70  > 71  >o72  v 72  v 72  v 72  v 72  v 72  vo72  < 71  < 70 
 > 70  > 71  > 72  >o73  v 73  v 73  v 73  vo73  < 72  < 71  < 70 
 > 70  > 71  > 72  > 73  >o74  v 74  vo74  < 73  < 72  < 71  < 70 
 > 70  > 71  > 72  > 73  > 74  =75  < 74  < 73  < 72  < 71  < 70 
 > 70  > 71  > 72  > 73  > 74  =75  < 74  < 73  < 72  < 71  < 70 
 > 70  > 71  > 72  > 73  > 74  =75  < 74  < 73  < 72  < 71  < 70 
 > 70  > 71  > 72  > 73  > 74  =75  < 74  < 73  < 72  < 71  < 70 
 > 70  > 71  > 72  > 73  > 74  =75  < 74  < 73  < 72  < 71  < 70 
 > 70  > 71  > 72  > 73  ^o74  ^ 74  ^o74  < 73  < 72  < 71  < 70 
 > 70  > 71  > 72  ^o73  ^ 73  ^ 73  ^ 73  ^o73  < 72  < 71  < 70 
 > 70  > 71  ^o72  ^ 72  ^ 72  ^ 72  ^ 72  ^ 72  ^o72  < 71  < 70 
 > 70  ^o71  ^ 71  ^ 71  ^ 71  ^ 71  ^ 71  ^ 71  ^ 71  ^o71  < 70 
 ^o70  ^ 70  ^ 70  ^ 70  ^ 70  ^ 70  ^ 70  ^ 70  ^ 70  ^ 70  ^o70 

[00:17:37] [Test worker/INFO]: [STDOUT]: MAIN + WING
 v 70  v 70  v 70  >i70  =70  =70  =70  =70  =70  <i70  v 70  v 70  v 70 
 v 71  v 71  v 71  v 71  >i71  =71  =71  =71  <i71  v 71  v 71  v 71  v 71 
 v 72  v 72  v 72  v 72  v 72  >i72  =72  <i72  v 72  v 72  v 72  v 72  v 72 
 v 73  v 73  v 73  v 73  v 73  v 73  v 73  v 73  v 73  v 73  v 73  v 73  v 73 
 =74  =74  =74  =74  =74  =74  =74  =74  =74  =74  =74  =74  =74 
 ^ 73  ^ 73  ^ 73  ^ 73  ^ 73  ^ 73  ^ 73  ^ 73  ^ 73  ^ 73  ^ 73  ^ 73  ^ 73 
 ^ 72  ^ 72  ^ 72  ^ 72  ^ 72  ^i72  =73  ^i72  ^ 72  ^ 72  ^ 72  ^ 72  ^ 72 
 ^ 71  ^ 71  ^ 71  ^ 71  ^i71  > 72  =73  < 72  ^i71  ^ 71  ^ 71  ^ 71  ^ 71 
 ^ 70  ^ 70  ^ 70  ^i70  > 71  > 72  =73  < 72  < 71  ^i70  ^ 70  ^ 70  ^ 70 
  .    .    .   > 70  > 71  > 72  =73  < 72  < 71  < 70   .    .    .  
  .    .    .   > 70  > 71  > 72  =73  < 72  < 71  < 70   .    .    .  
  .    .    .   > 70  > 71  > 72  =73  < 72  < 71  < 70   .    .    .  
  .    .    .   > 70  > 71  > 72  =73  < 72  < 71  < 70   .    .    .  
  .    .    .   > 70  > 71  > 72  =73  < 72  < 71  < 70   .    .    .  
  .    .    .   > 70  > 71  > 72  =73  < 72  < 71  < 70   .    .    .  
  .    .    .   > 70  > 71  > 72  =73  < 72  < 71  < 70   .    .    .  
  .    .    .   > 70  > 71  > 72  =73  < 72  < 71  < 70   .    .    .  

[00:17:37] [Test worker/INFO]: [STDOUT]: HIP MAIN + GABLE WING
 >o70  v 70  v 70  v 70  >i70  =70  =70  =70  =70  =70  <i70  v 70  v 70  v 70  vo70 
 > 70  >o71  v 71  v 71  v 71  >i71  =71  =71  =71  <i71  v 71  v 71  v 71  vo71  < 70 
 > 70  > 71  >o72  v 72  v 72  v 72  >i72  =72  <i72  v 72  v 72  v 72  vo72  < 71  < 70 
 > 70  > 71  > 72  >o73  v 73  v 73  v 73  v 73  v 73  v 73  v 73  vo73  < 72  < 71  < 70 
 > 70  > 71  > 72  > 73  >o74  v 74  v 74  v 74  v 74  v 74  vo74  < 73  < 72  < 71  < 70 
 > 70  > 71  > 72  > 73  > 74  =75  =75  =75  =75  =75  < 74  < 73  < 72  < 71  < 70 
 > 70  > 71  > 72  > 73  ^o74  ^ 74  ^ 74  ^ 74  ^ 74  ^ 74  ^o74  < 73  < 72  < 71  < 70 
 > 70  > 71  > 72  ^o73  ^ 73  ^ 73  ^ 73  ^ 73  ^ 73  ^ 73  ^ 73  ^o73  < 72  < 71  < 70 
 > 70  > 71  ^o72  ^ 72  ^ 72  ^ 72  ^i72  =73  ^i72  ^ 72  ^ 72  ^ 72  ^o72  < 71  < 70 
 > 70  ^o71  ^ 71  ^ 71  ^ 71  ^i71  > 72  =73  < 72  ^i71  ^ 71  ^ 71  ^ 71  ^o71  < 70 
 ^o70  ^ 70  ^ 70  ^ 70  ^i70  > 71  > 72  =73  < 72  < 71  ^i70  ^ 70  ^ 70  ^ 70  ^o70 
  .    .    .    .   > 70  > 71  > 72  =73  < 72  < 71  < 70   .    .    .    .  
  .    .    .    .   > 70  > 71  > 72  =73  < 72  < 71  < 70   .    .    .    .  
  .    .    .    .   > 70  > 71  > 72  =73  < 72  < 71  < 70   .    .    .    .  
  .    .    .    .   > 70  > 71  > 72  =73  < 72  < 71  < 70   .    .    .    .  
  .    .    .    .   > 70  > 71  > 72  =73  < 72  < 71  < 70   .    .    .    .  
  .    .    .    .   > 70  > 71  > 72  =73  < 72  < 71  < 70   .    .    .    .  
  .    .    .    .   > 70  > 71  > 72  =73  < 72  < 71  < 70   .    .    .    .  
  .    .    .    .   > 70  > 71  > 72  =73  < 72  < 71  < 70   .    .    .    .  

